// Jest Snapshot v1, https://goo.gl/fbAQLP

exports[`no movies page: should render No movies page 1`] = `
Array [
  <header
    className="header"
  >
    <span
      className="logo"
    >
      <span
        className="logo__titlebold"
      >
        netflix
      </span>
      <span
        className="logo__title"
      >
        roulette
      </span>
    </span>
  </header>,
  <main
    className="no-movies-container"
  >
    <section
      className="addContianer"
    >
      <div
        className="add__content"
      >
        <div
          className="add-movie"
        >
          <input
            className="button button__control"
            onClick={[Function]}
            type="button"
            value="+ADD MOVIE"
          />
        </div>
        <div
          className="search"
        >
          <h2
            className="search__header"
          >
            FIND YOUR MOVIE
          </h2>
          <form
            onSubmit={[Function]}
          >
            <div
              className="search__controls"
            >
              <input
                className="search__input"
                id="txtSearch"
                onChange={[Function]}
                type="text"
                value=""
              />
              <input
                className="button button__primary"
                type="submit"
                value="SEARCH"
              />
            </div>
             
          </form>
        </div>
      </div>
    </section>
    <div
      className="list-controls"
    >
      <div
        className="filter-container"
      >
        <span
          className="filter-item"
          name="All"
          onClick={[Function]}
        >
          All
        </span>
        <span
          className="filter-item"
          name="Documentary"
          onClick={[Function]}
        >
          Documentary
        </span>
        <span
          className="filter-item"
          name="Comedy"
          onClick={[Function]}
        >
          Comedy
        </span>
        <span
          className="filter-item"
          name="Hrror"
          onClick={[Function]}
        >
          Hrror
        </span>
        <span
          className="filter-item"
          name="Crime"
          onClick={[Function]}
        >
          Crime
        </span>
      </div>
      <div
        className="sort-container"
      >
        <span
          className="sort-header"
        >
          SORT BY
        </span>
        <select
          className="sort-select"
          onChange={[Function]}
        >
          <option
            value="release_date"
          >
            release date
          </option>
          <option
            value="title"
          >
            title
          </option>
        </select>
      </div>
    </div>
    <div
      className="no-movies-content"
    >
      <p
        className="no-movies-title"
      >
        No Movie Found
      </p>
    </div>
  </main>,
  <footer
    className="footer"
  >
    <span
      className="logo"
    >
      <span
        className="logo__titlebold"
      >
        netflix
      </span>
      <span
        className="logo__title"
      >
        roulette
      </span>
    </span>
  </footer>,
]
`;
